
[1m[30m[46m RUN [49m[39m[22m [36mv4.1.11 [39m[90mE:/Kaam/Freelance_client/jewellerypolishingmanagersource/jewellery-polishing-app[39m

